---
http_interactions:
- request:
    method: get
    uri: http://localhost:3030/people?foo=foo&hello=world&person_id=12345&test=true
    body:
      encoding: US-ASCII
      string: ''
    headers:
      User-Agent:
      - Ruby
      Accept:
      - "*/*"
      - application/n-triples
      Expect:
      - ''
  response:
    status:
      code: 200
      message: OK
    headers:
      Content-Type:
      - text/plain
      X-Cascade:
      - pass
      Transfer-Encoding:
      - chunked
      Content-Length:
      - '23'
    body:
      encoding: UTF-8
      string: 'Not Found: /people'
    http_version: 
  recorded_at: Mon, 19 Feb 2018 10:27:48 GMT
recorded_with: VCR 3.0.3
